// Jest Snapshot v1, https://goo.gl/fbAQLP

exports[`Render component 1`] = `ShallowWrapper {}`;
